exports[`AppContainer can edit task that is complete 1`] = `
<div>
  <div
    className="one-half column">
    <button
      onClick={[Function]}>
      Add new noun
    </button>
    <section
      id="main">
      <table
        id="noun-list">
        <thead>
          <tr>
            <th />
            <th>
              Base
            </th>
            <th>
              Plural
            </th>
            <th />
          </tr>
        </thead>
        <tbody>
          <tr>
            <td />
            <td>
              
            </td>
            <td>
              
            </td>
            <td>
              <button
                onClick={[Function]}
                type="button">
                Edit
              </button>
            </td>
          </tr>
          <tr>
            <td />
            <td>
              
            </td>
            <td>
              
            </td>
            <td>
              <button
                onClick={[Function]}
                type="button">
                Edit
              </button>
            </td>
          </tr>
          <tr>
            <td />
            <td>
              
            </td>
            <td>
              
            </td>
            <td>
              <button
                onClick={[Function]}
                type="button">
                Edit
              </button>
            </td>
          </tr>
          <tr>
            <td />
            <td>
              
            </td>
            <td>
              
            </td>
            <td>
              <button
                onClick={[Function]}
                type="button">
                Edit
              </button>
            </td>
          </tr>
        </tbody>
      </table>
    </section>
  </div>
  <div
    className="one-half column">
    <div />
  </div>
</div>
`;

exports[`AppContainer can edit task that is not complete 1`] = `
<div>
  <div
    className="one-half column">
    <button
      onClick={[Function]}>
      Add new noun
    </button>
    <section
      id="main">
      <table
        id="noun-list">
        <thead>
          <tr>
            <th />
            <th>
              Base
            </th>
            <th>
              Plural
            </th>
            <th />
          </tr>
        </thead>
        <tbody>
          <tr>
            <td />
            <td>
              
            </td>
            <td>
              
            </td>
            <td>
              <button
                onClick={[Function]}
                type="button">
                Edit
              </button>
            </td>
          </tr>
          <tr>
            <td />
            <td>
              
            </td>
            <td>
              
            </td>
            <td>
              <button
                onClick={[Function]}
                type="button">
                Edit
              </button>
            </td>
          </tr>
          <tr>
            <td />
            <td>
              
            </td>
            <td>
              
            </td>
            <td>
              <button
                onClick={[Function]}
                type="button">
                Edit
              </button>
            </td>
          </tr>
          <tr>
            <td />
            <td>
              
            </td>
            <td>
              
            </td>
            <td>
              <button
                onClick={[Function]}
                type="button">
                Edit
              </button>
            </td>
          </tr>
        </tbody>
      </table>
    </section>
  </div>
  <div
    className="one-half column">
    <div />
  </div>
</div>
`;

exports[`AppContainer renders nouns that are complete 1`] = `
<div>
  <div
    className="one-half column">
    <button
      onClick={[Function]}>
      Add new noun
    </button>
    <section
      id="main">
      <table
        id="noun-list">
        <thead>
          <tr>
            <th />
            <th>
              Base
            </th>
            <th>
              Plural
            </th>
            <th />
          </tr>
        </thead>
        <tbody>
          <tr>
            <td />
            <td>
              
            </td>
            <td>
              
            </td>
            <td>
              <button
                onClick={[Function]}
                type="button">
                Edit
              </button>
            </td>
          </tr>
          <tr>
            <td />
            <td>
              
            </td>
            <td>
              
            </td>
            <td>
              <button
                onClick={[Function]}
                type="button">
                Edit
              </button>
            </td>
          </tr>
          <tr>
            <td />
            <td>
              
            </td>
            <td>
              
            </td>
            <td>
              <button
                onClick={[Function]}
                type="button">
                Edit
              </button>
            </td>
          </tr>
          <tr>
            <td />
            <td>
              
            </td>
            <td>
              
            </td>
            <td>
              <button
                onClick={[Function]}
                type="button">
                Edit
              </button>
            </td>
          </tr>
        </tbody>
      </table>
    </section>
  </div>
  <div
    className="one-half column">
    <div />
  </div>
</div>
`;

exports[`AppContainer renders some nouns 1`] = `
<div>
  <div
    className="one-half column">
    <button
      onClick={[Function]}>
      Add new noun
    </button>
    <section
      id="main">
      <table
        id="noun-list">
        <thead>
          <tr>
            <th />
            <th>
              Base
            </th>
            <th>
              Plural
            </th>
            <th />
          </tr>
        </thead>
        <tbody>
          <tr>
            <td />
            <td>
              
            </td>
            <td>
              
            </td>
            <td>
              <button
                onClick={[Function]}
                type="button">
                Edit
              </button>
            </td>
          </tr>
          <tr>
            <td />
            <td>
              
            </td>
            <td>
              
            </td>
            <td>
              <button
                onClick={[Function]}
                type="button">
                Edit
              </button>
            </td>
          </tr>
        </tbody>
      </table>
    </section>
  </div>
  <div
    className="one-half column">
    <div />
  </div>
</div>
`;

exports[`AppContainer renders with no nouns 1`] = `
<div>
  <div
    className="one-half column">
    <button
      onClick={[Function]}>
      Add new noun
    </button>
  </div>
  <div
    className="one-half column">
    <div />
  </div>
</div>
`;
