exports[`AppContainer 's Alive! 1`] = `
<div
  className="container">
  <div
    className="row">
    <div>
      <div
        className="help"
        style={
          Object {
            "border": "1px solid black",
            "margin": "5px",
          }
        }>
        <p>
          这个程序将帮助您建立一个英语文章。
        </p>
        <p>
          为了做到这一点你必须首先学习如何构建英语的小块（句子和段落）。
        </p>
        <p>
          然后,您可以将英语的小块组装成更大的组件。
        </p>
        <p>
          通过以下课程您将知道如何学习英语。
        </p>
        <p>
          你目前是0级，为了继续下一个阶段需要通过测验。
        </p>
      </div>
      <div
        className="quiz"
        style={
          Object {
            "border": "1px solid black",
            "margin": "5px",
          }
        }>
        <h3>
          测试
        </h3>
        <table>
          <tbody>
            <tr>
              <td>
                <p>
                  <input
                    checked={false}
                    id="iunderstandCheck"
                    onChange={[Function]}
                    type="checkbox" />
                  我明白
                </p>
              </td>
              <td>
                
              </td>
            </tr>
          </tbody>
        </table>
      </div>
      <div
        className="lesson-navigator"
        style={
          Object {
            "border": "1px solid black",
            "margin": "5px",
          }
        }>
        <p>
          级
           
          0
        </p>
        
        <button
          id="lesson-next"
          onClick={[Function]}>
          下一級
        </button>
        <button
          id="level-reset"
          onClick={[Function]}>
          返回
        </button>
        <img
          alt=""
          height="20"
          id="enFlag"
          onClick={[Function]}
          src="/img/us_flag.gif"
          width="28" />
        
      </div>
    </div>
  </div>
</div>
`;
